Device: cuda
Max iterations: 15000
LR: 0.001
Entropy: 0.05 -> 0.05
Stage 1 max iters: 0
Stage 2 max iters: 0
Stage 3 mix: self=1.00 random=0.00 qtable=0.00
Frozen update interval: 200
Frozen win threshold: 0.55
============================================================
RUNNING UNIT TESTS
============================================================
Environment tests ALL PASSED
  cross_attention/char: OK
All model variant tests PASSED
GAE tests ALL PASSED ✓
============================================================
ALL TESTS PASSED
============================================================
============================================================
FULL TRAINING: Loading data...
============================================================
Loaded 30895 unique idioms, 29502 with 4 characters
Before pruning - Idioms: 29502
Chars: 4847 (incl PAD)
Out-degree - mean: 24.2, median: 12, max: 600, zero-out-degree: 3183
  Pruning: removed 3394 cheating idioms, 26108 valid idioms remaining
After pruning - Idioms: 26108
Zero-out-degree remaining: 0
Data validation ALL PASSED
Uniform start - mean steps: 244.2, 0-step ratio: 0.0%
Filtered start - mean steps: 243.6, 0-step ratio: 0.0%
99th percentile steps: 583 -> suggested max_history_len = 583
  p99=583, keeping max_history_len=64
============================================================
FULL TRAINING: Creating model...
============================================================
Model parameters: 3,996,866
Device: cuda
Resuming from checkpoints/ckpt_iter001000.pt
Resumed from iteration 1000
============================================================
FULL TRAINING: Starting...
============================================================
============================================================
FULL TRAINING: Loading Q-table opponent...
============================================================
Q-table loaded: 26108 nodes, vs_random=0.9985
============================================================
FULL TRAINING: Starting...
============================================================
[Iter  1050 | Stage 3] vs_rand=0.999 vs_qt=0.814 vs_frz=N/A ploss=-0.0004 vloss=0.0186 ent=0.227 len=11.3 trunc=0.0%
[Iter  1100 | Stage 3] vs_rand=1.000 vs_qt=0.785 vs_frz=N/A ploss=0.0026 vloss=0.0206 ent=0.218 len=11.2 trunc=0.0%
[Iter  1150 | Stage 3] vs_rand=0.998 vs_qt=0.799 vs_frz=N/A ploss=-0.0082 vloss=0.0178 ent=0.230 len=10.5 trunc=0.0%
[Iter  1200 | Stage 3] vs_rand=1.000 vs_qt=0.794 vs_frz=N/A ploss=0.0003 vloss=0.0090 ent=0.235 len=9.9 trunc=0.0%
>>> Training objective achieved! iter=1251
[Iter  1250 | Stage 3] vs_rand=0.999 vs_qt=0.802 vs_frz=N/A ploss=0.0016 vloss=0.0259 ent=0.223 len=9.7 trunc=0.0%
>>> Training objective achieved! iter=1301
[Iter  1300 | Stage 3] vs_rand=1.000 vs_qt=0.864 vs_frz=N/A ploss=-0.0015 vloss=0.0221 ent=0.229 len=10.6 trunc=0.0%
>>> Training objective achieved! iter=1351
[Iter  1350 | Stage 3] vs_rand=0.999 vs_qt=0.831 vs_frz=N/A ploss=0.0000 vloss=0.0140 ent=0.213 len=11.9 trunc=0.0%
>>> Training objective achieved! iter=1401
[Iter  1400 | Stage 3] vs_rand=1.000 vs_qt=0.835 vs_frz=N/A ploss=0.0020 vloss=0.0091 ent=0.227 len=10.2 trunc=0.0%
>>> Training objective achieved! iter=1451
[Iter  1450 | Stage 3] vs_rand=1.000 vs_qt=0.856 vs_frz=N/A ploss=-0.0021 vloss=0.0183 ent=0.227 len=10.4 trunc=0.0%
>>> Training objective achieved! iter=1501
[Iter  1500 | Stage 3] vs_rand=0.999 vs_qt=0.861 vs_frz=N/A ploss=0.0028 vloss=0.0206 ent=0.243 len=10.6 trunc=0.0%
>>> Training objective achieved! iter=1551
[Iter  1550 | Stage 3] vs_rand=0.996 vs_qt=0.863 vs_frz=N/A ploss=-0.0113 vloss=0.0119 ent=0.197 len=10.1 trunc=0.0%
>>> Training objective achieved! iter=1601
[Iter  1600 | Stage 3] vs_rand=0.999 vs_qt=0.848 vs_frz=N/A ploss=-0.0061 vloss=0.0134 ent=0.230 len=10.8 trunc=0.0%
>>> Training objective achieved! iter=1651
[Iter  1650 | Stage 3] vs_rand=0.998 vs_qt=0.821 vs_frz=N/A ploss=0.0056 vloss=0.0449 ent=0.278 len=10.0 trunc=0.0%
>>> Training objective achieved! iter=1701
[Iter  1700 | Stage 3] vs_rand=0.999 vs_qt=0.801 vs_frz=N/A ploss=0.0106 vloss=0.0559 ent=0.291 len=11.1 trunc=0.0%
>>> Training objective achieved! iter=1751
[Iter  1750 | Stage 3] vs_rand=0.998 vs_qt=0.765 vs_frz=N/A ploss=0.0129 vloss=0.0927 ent=0.302 len=10.9 trunc=0.0%
>>> Training objective achieved! iter=1801
[Iter  1800 | Stage 3] vs_rand=1.000 vs_qt=0.767 vs_frz=N/A ploss=0.0073 vloss=0.0863 ent=0.295 len=10.7 trunc=0.0%
>>> Training objective achieved! iter=1851
[Iter  1850 | Stage 3] vs_rand=0.998 vs_qt=0.814 vs_frz=N/A ploss=-0.0007 vloss=0.0805 ent=0.292 len=10.1 trunc=0.0%
>>> Training objective achieved! iter=1901
[Iter  1900 | Stage 3] vs_rand=0.999 vs_qt=0.804 vs_frz=N/A ploss=-0.0018 vloss=0.0703 ent=0.296 len=10.8 trunc=0.0%
>>> Training objective achieved! iter=1951
[Iter  1950 | Stage 3] vs_rand=0.999 vs_qt=0.818 vs_frz=N/A ploss=0.0030 vloss=0.0642 ent=0.303 len=10.0 trunc=0.0%
>>> Training objective achieved! iter=2001
[Iter  2000 | Stage 3] vs_rand=0.999 vs_qt=0.743 vs_frz=N/A ploss=-0.0302 vloss=0.0712 ent=0.322 len=10.0 trunc=0.0%
>>> Training objective achieved! iter=2051
[Iter  2050 | Stage 3] vs_rand=0.998 vs_qt=0.750 vs_frz=N/A ploss=0.0056 vloss=0.0650 ent=0.296 len=10.8 trunc=0.0%
>>> Training objective achieved! iter=2101
[Iter  2100 | Stage 3] vs_rand=0.998 vs_qt=0.749 vs_frz=N/A ploss=0.0035 vloss=0.0508 ent=0.294 len=11.7 trunc=0.0%
>>> Training objective achieved! iter=2151
[Iter  2150 | Stage 3] vs_rand=0.998 vs_qt=0.785 vs_frz=N/A ploss=-0.0010 vloss=0.0646 ent=0.288 len=10.9 trunc=0.0%
>>> Training objective achieved! iter=2201
[Iter  2200 | Stage 3] vs_rand=0.999 vs_qt=0.824 vs_frz=N/A ploss=0.0003 vloss=0.0529 ent=0.296 len=11.7 trunc=0.0%
>>> Training objective achieved! iter=2251
[Iter  2250 | Stage 3] vs_rand=0.999 vs_qt=0.755 vs_frz=N/A ploss=0.0110 vloss=0.0602 ent=0.335 len=12.6 trunc=0.0%
>>> Training objective achieved! iter=2301
[Iter  2300 | Stage 3] vs_rand=0.998 vs_qt=0.762 vs_frz=N/A ploss=0.0036 vloss=0.0634 ent=0.327 len=11.4 trunc=0.0%
>>> Training objective achieved! iter=2351
[Iter  2350 | Stage 3] vs_rand=0.996 vs_qt=0.782 vs_frz=N/A ploss=0.0012 vloss=0.0739 ent=0.312 len=11.9 trunc=0.0%
>>> Training objective achieved! iter=2401
[Iter  2400 | Stage 3] vs_rand=0.994 vs_qt=0.791 vs_frz=N/A ploss=-0.0112 vloss=0.0828 ent=0.292 len=12.0 trunc=0.0%
>>> Training objective achieved! iter=2451
[Iter  2450 | Stage 3] vs_rand=0.995 vs_qt=0.780 vs_frz=N/A ploss=0.0076 vloss=0.0749 ent=0.305 len=12.3 trunc=0.0%
>>> Training objective achieved! iter=2501
[Iter  2500 | Stage 3] vs_rand=0.995 vs_qt=0.757 vs_frz=N/A ploss=-0.0004 vloss=0.0771 ent=0.309 len=12.5 trunc=0.0%
>>> Training objective achieved! iter=2551
[Iter  2550 | Stage 3] vs_rand=0.996 vs_qt=0.720 vs_frz=N/A ploss=0.0118 vloss=0.1926 ent=0.339 len=15.8 trunc=0.0%
>>> Training objective achieved! iter=2601
[Iter  2600 | Stage 3] vs_rand=0.998 vs_qt=0.772 vs_frz=N/A ploss=0.0128 vloss=0.0928 ent=0.335 len=9.1 trunc=0.0%
>>> Training objective achieved! iter=2651
[Iter  2650 | Stage 3] vs_rand=0.999 vs_qt=0.795 vs_frz=N/A ploss=0.0001 vloss=0.0548 ent=0.316 len=11.3 trunc=0.0%
>>> Training objective achieved! iter=2701
[Iter  2700 | Stage 3] vs_rand=0.999 vs_qt=0.787 vs_frz=N/A ploss=0.0075 vloss=0.0591 ent=0.309 len=14.0 trunc=0.0%
>>> Training objective achieved! iter=2751
[Iter  2750 | Stage 3] vs_rand=0.999 vs_qt=0.823 vs_frz=N/A ploss=0.0028 vloss=0.0408 ent=0.320 len=11.9 trunc=0.0%
>>> Training objective achieved! iter=2801
[Iter  2800 | Stage 3] vs_rand=0.999 vs_qt=0.840 vs_frz=N/A ploss=0.0084 vloss=0.0422 ent=0.321 len=11.8 trunc=0.0%
>>> Training objective achieved! iter=2851
[Iter  2850 | Stage 3] vs_rand=0.995 vs_qt=0.840 vs_frz=N/A ploss=0.0018 vloss=0.0282 ent=0.312 len=9.9 trunc=0.0%
>>> Training objective achieved! iter=2901
[Iter  2900 | Stage 3] vs_rand=0.999 vs_qt=0.802 vs_frz=N/A ploss=0.0001 vloss=0.0452 ent=0.319 len=8.8 trunc=0.0%
>>> Training objective achieved! iter=2951
[Iter  2950 | Stage 3] vs_rand=1.000 vs_qt=0.810 vs_frz=N/A ploss=0.0041 vloss=0.0396 ent=0.313 len=11.3 trunc=0.0%
>>> Training objective achieved! iter=3001
[Iter  3000 | Stage 3] vs_rand=0.998 vs_qt=0.835 vs_frz=N/A ploss=0.0063 vloss=0.0355 ent=0.308 len=11.3 trunc=0.0%
>>> Training objective achieved! iter=3051
[Iter  3050 | Stage 3] vs_rand=0.995 vs_qt=0.797 vs_frz=N/A ploss=0.0082 vloss=0.0425 ent=0.294 len=11.0 trunc=0.0%
>>> Training objective achieved! iter=3101
[Iter  3100 | Stage 3] vs_rand=1.000 vs_qt=0.815 vs_frz=N/A ploss=0.0024 vloss=0.0438 ent=0.308 len=9.8 trunc=0.0%
>>> Training objective achieved! iter=3151
[Iter  3150 | Stage 3] vs_rand=0.995 vs_qt=0.801 vs_frz=N/A ploss=-0.0033 vloss=0.0367 ent=0.314 len=9.0 trunc=0.0%
>>> Training objective achieved! iter=3201
[Iter  3200 | Stage 3] vs_rand=0.999 vs_qt=0.843 vs_frz=N/A ploss=0.0013 vloss=0.0199 ent=0.283 len=10.1 trunc=0.0%
>>> Training objective achieved! iter=3251
[Iter  3250 | Stage 3] vs_rand=0.995 vs_qt=0.823 vs_frz=N/A ploss=0.0055 vloss=0.0209 ent=0.242 len=9.6 trunc=0.0%
